tcgdex-Daten laden (M6)...
  ストームエメラルダ: 113 Karten (offiziell 76)
  40/113...
  [77] kein Bild -> skip
  [78] kein Bild -> skip
  [79] kein Bild -> skip
  [80] kein Bild -> skip
  [81] kein Bild -> skip
  [82] kein Bild -> skip
  [83] kein Bild -> skip
  [84] kein Bild -> skip
  [85] kein Bild -> skip
  [86] kein Bild -> skip
  [87] kein Bild -> skip
  [88] kein Bild -> skip
  [89] kein Bild -> skip
  [90] kein Bild -> skip
  [91] kein Bild -> skip
  [92] kein Bild -> skip
  [93] kein Bild -> skip
  [94] kein Bild -> skip
  [95] kein Bild -> skip
  [96] kein Bild -> skip
  [97] kein Bild -> skip
  [98] kein Bild -> skip
  [99] kein Bild -> skip
  [100] kein Bild -> skip
  [101] kein Bild -> skip
  [102] kein Bild -> skip
  [103] kein Bild -> skip
  [104] kein Bild -> skip
  [105] kein Bild -> skip
  [106] kein Bild -> skip
  [107] kein Bild -> skip
  [108] kein Bild -> skip
  [109] kein Bild -> skip
  [110] kein Bild -> skip
  [111] kein Bild -> skip
  [112] kein Bild -> skip
  [113] kein Bild -> skip
  app_data.json: 76 Karten
FERTIG: sets/jp-M6/ (Schaetzwerte, estimate=true)
